OpenBLAS WARNING - could not determine the L2 cache size on this system, assuming 256k
OpenBLAS WARNING - could not determine the L2 cache size on this system, assuming 256k
/workspace/GeoAdjustPro/src/geoadjust/core/__init__.py:37: UserWarning: ProcessingPipeline недоступен: No module named 'seaborn'
  warnings.warn(f"ProcessingPipeline недоступен: {e}")
Traceback (most recent call last):
  File "<string>", line 83, in <module>
AttributeError: 'AdjustmentEngine' object has no attribute 'adjust_heights'
=== ЗАПУСК ПОЛНОГО ЦИКЛА ОБРАБОТКИ ===

[1] Чтение файла: DOM0112 (1).GSI
    -> Точек: 23, Наблюдений: 83
[1] Чтение файла: MIR0212.GSI
    -> Точек: 64, Наблюдений: 210

[2] Всего в сети: 81 точек, 293 наблюдений
    План: Исходных=0, Рабочих=81
    Высота: Исходных=0, Рабочих=81

[3] Найдено нивелирных превышений: 73
    После фильтрации (>5см удалено): 73

[4] Запуск уравнивания (МНК)...
    ОШИБКА при уравнивании: 'AdjustmentEngine' object has no attribute 'adjust_heights'

=== ЦИКЛ ЗАВЕРШЕН ===
