OpenBLAS WARNING - could not determine the L2 cache size on this system, assuming 256k
OpenBLAS WARNING - could not determine the L2 cache size on this system, assuming 256k
/workspace/geo_adjust_pro/engine.py:367: MatrixRankWarning: Matrix is exactly singular
  dx = splinalg.spsolve(N, R)
================================================================================
ПОЛНЫЙ ЦИКЛ ПРОВЕРКИ GeoAdjustPro
================================================================================

[1/7] ИМПОРТ GSI (нивелирование)
----------------------------------------
  ✓ DOM0112 (1).GSI: 34 точек, 33 наблюдений
  ✓ MIR0212.GSI: 82 точек, 81 наблюдений
  → Всего из GSI: 116 точек, 114 наблюдений

[2/7] ИМПОРТ SDR (плановая сеть)
----------------------------------------
  ✓ badgro16093_const.sdr: 61 точек, 1684 наблюдений
  ✓ kotlntss06042026.sdr: 28 точек, 296 наблюдений
  → Всего из SDR: 89 точек, 1980 наблюдений

>>> ИТОГО В СЕТИ: 187 точек, 2094 наблюдений

[3/7] АНАЛИЗ СТАТУСОВ ПУНКТОВ
----------------------------------------
  Plan - Fixed: 0, Initial: 25, Working: 162
  Height - Fixed: 0, Initial: 25, Working: 162
  ! АВТО-ФИКСАЦИЯ: Закрепляем первые 2 точки с координатами...
  → Теперь Fixed (Plan): 2
  ! АВТО-ФИКСАЦИЯ: Закрепляем первую точку с высотой...
  → Теперь Fixed (Height): 1

[4/7] ПРЕДОБРАБОТКА ДАННЫХ
----------------------------------------
  Удалено грубых ошибок: 114
  Осталось наблюдений: 1980
    - direction: 990
    - slope_distance: 990

[5/7] УРАВНИВАНИЕ ВЫСОТ
----------------------------------------
  ! Нет нивелирных наблюдений для уравнивания

[6/7] УРАВНИВАНИЕ ПЛАНА
----------------------------------------
  СКП направления: nan "
  СКП расстояния: nan мм + 0 ppm
  Относительная погрешность: 1:100,000
  Уравнено точек: 162
  ✓ Уравнивание плана завершено успешно

[7/7] ГЕНЕРАЦИЯ ВЕДОМОСТЕЙ И ОТЧЕТОВ
----------------------------------------
  ✓ ведомость_координат.txt
  ✓ ведомость_высот.txt
  ✓ эллипсы_ошибок.txt
  ✓ схема_сети.txt
  ✓ ведомость_измерений.txt

  Все файлы сохранены в: /workspace/geo_adjust_pro/output_final

================================================================================
ИТОГОВЫЙ ОТЧЕТ
================================================================================
Всего пунктов в сети: 187
  - Уравнено (план): 162
  - Уравнено (высота): 0
Всего измерений: 1980

Пример результатов (первые 5 точек):
--------------------------------------------------------------------------------
№   Имя                  X               Y               H            Статус
1   GSIP_STATION_0       nan             nan             -            P:adjusted, H:working
2   GSIP_83_0            nan             nan             -            P:adjusted, H:working
3   GSIP_573_1           nan             nan             -            P:adjusted, H:working
4   GSIP_573_2           nan             nan             -            P:adjusted, H:working
5   GSIP_83_3            nan             nan             -            P:adjusted, H:working

✓ ПОЛНЫЙ ЦИКЛ ЗАВЕРШЕН УСПЕШНО
================================================================================
