OpenBLAS WARNING - could not determine the L2 cache size on this system, assuming 256k
OpenBLAS WARNING - could not determine the L2 cache size on this system, assuming 256k
================================================================================
ПОЛНЫЙ ЦИКЛ ПРОВЕРКИ GeoAdjustPro (ИСПРАВЛЕННЫЙ)
================================================================================

[1/7] ИМПОРТ GSI (нивелирование)
----------------------------------------
  ✓ DOM0112 (1).GSI: 34 точек, 33 наблюдений
  ✓ MIR0212.GSI: 82 точек, 81 наблюдений
  → Всего из GSI: 116 точек, 114 наблюдений

[2/7] ИМПОРТ SDR (плановая сеть)
----------------------------------------
  ✓ badgro16093_const.sdr: 61 точек, 1684 наблюдений
  ✓ kotlntss06042026.sdr: 28 точек, 296 наблюдений
  → Всего из SDR: 89 точек, 1980 наблюдений

>>> ИТОГО В СЕТИ: 187 точек, 2094 наблюдений

[3/7] АНАЛИЗ СТАТУСОВ ПУНКТОВ
----------------------------------------
  Plan - Fixed: 0, Initial: 25, Working: 162
  Height - Fixed: 0, Initial: 25, Working: 162
  ! АВТО-ФИКСАЦИЯ: Закрепляем первые 2 точки с координатами...
  → Теперь Fixed (Plan): 2
  ! АВТО-ФИКСАЦИЯ: Закрепляем первую точку с высотой...
  → Теперь Fixed (Height): 1

[4/7] ПРЕДОБРАБОТКА ДАННЫХ
----------------------------------------
  Удалено грубых ошибок: 114
  Осталось наблюдений: 1980
    - direction: 990
    - slope_distance: 990

[5/7] УРАВНИВАНИЕ ВЫСОТ
----------------------------------------
  ! Нет нивелирных наблюдений для уравнивания

[6/7] УРАВНИВАНИЕ ПЛАНА
----------------------------------------
  Точек с координатами: 25
  Наблюдений между ними: 890
  СКП направления: 0.00 "
  Уравнено точек: 0
  ✓ Уравнивание плана завершено успешно

[7/7] ГЕНЕРАЦИЯ ВЕДОМОСТЕЙ И ОТЧЕТОВ
----------------------------------------
  ✓ ведомость_координат.txt
  ✓ ведомость_высот.txt
  ✓ эллипсы_ошибок.txt
  ✓ схема_сети.txt
  ✓ ведомость_измерений.txt

  Все файлы сохранены в: /workspace/geo_adjust_pro/output_final

================================================================================
ИТОГОВЫЙ ОТЧЕТ
================================================================================
Всего пунктов в сети: 187
  - С координатами X,Y: 25
  - С высотой H: 25
  - Уравнено (план): 0
  - Уравнено (высота): 0
Всего измерений: 1980

Пример результатов (точки с координатами):
--------------------------------------------------------------------------------
№   Имя                  X               Y               H            Статус
1   gr3.1                9403.1312       3699.8679       125.4204     P:fixed, H:fixed
2   GR4                  9471.7708       3852.4012       125.3998     P:fixed, H:initial
3   gr2.1                9356.2221       3601.1408       125.4963     P:initial, H:initial
4   p100                 9261.0952       3574.5291       164.3336     P:initial, H:initial
5   gr8.1                9034.1627       3712.1438       133.4210     P:initial, H:initial
6   GR7                  9166.7429       3993.3282       130.2664     P:initial, H:initial
7   GR6                  9258.0551       4141.1543       129.2184     P:initial, H:initial
8   p101                 9441.4289       4063.8892       129.5527     P:initial, H:initial
9   gr5.1                9489.5179       4036.9400       125.9771     P:initial, H:initial
10  p102                 9486.5928       3912.9275       127.2350     P:initial, H:initial

✓ ПОЛНЫЙ ЦИКЛ ЗАВЕРШЕН УСПЕШНО
================================================================================
